// Jest Snapshot v1, https://goo.gl/fbAQLP

exports[`CommonError should render 1`] = `
<div
  class="page"
>
  <div
    class="content content"
  >
    <div
      class="header"
    >
      Что-то пошло не так
    </div>
    <div
      class="buttonBlock"
    >
      <button
        class="btn btn-green btn-contained btn-x-large btnSkeuomorph button"
        data-test-id="button-submit"
        type="button"
      >
        <span
          class="buttonLabel"
        >
          Вернуться
        </span>
      </button>
    </div>
  </div>
</div>
`;
