// Jest Snapshot v1, https://goo.gl/fbAQLP

exports[`NavigationProvider renders correctly 1`] = `
<ContextProvider
  value={
    Object {
      "goBack": [Function],
      "goRoot": [Function],
      "goTo404": [Function],
      "goTo500": [Function],
      "goToChords": [Function],
      "goToCommonError": [Function],
      "goToSongs": [Function],
    }
  }
/>
`;
